<?xml version="1.0" encoding="UTF-8"?>
<config xmlns="http://www.knime.org/2008/09/XMLConfig" xmlns:xsi="http://www.w3.org/2001/XMLSchema-instance" xsi:schemaLocation="http://www.knime.org/2008/09/XMLConfig http://www.knime.org/XMLConfig_2008_09.xsd" key="test">
    <entry key="workingDirectory" type="xstring" value="/KNIME Cafés/KNIME Dev Café"/>
    <entry key="connectionTimeout" type="xint" value="31"/>
    <entry key="readTimeout" type="xint" value="29"/>
</config>
